<?xml version="1.0" encoding="UTF-8"?>
<dataset>
    <entity_schema/>
</dataset>