<?xml version="1.0" encoding="UTF-8"?>
<dataset>

    <entity_schema entity_schema_id="1"
                  name="Employee"/>

    <field entity_schema_id="1"
           field_id="1"
           name="First name"/>

    <text_field field_id="1"/>

    <entity_instance entity_schema_id="1"/>

    <field_value string_value="Anton" value_type="STRING"/>

</dataset>