<?xml version="1.0" encoding="UTF-8"?>
<dataset>

    <role role_id="1"
          name="Admin"/>

    <users user_id="1"
          first_name="Anton"
          last_name="Chervyakovsky"
          email="anton@mail.ru"
          password="1"
          role_id="1"/>

</dataset>